// Vitest Snapshot v1, https://vitest.dev/guide/snapshot.html

exports[`renderNonIdealState() > renders a non-ideal state 1`] = `
<Blueprint3.NonIdealState
  action={
    <Blueprint3.Button
      onClick={[Function]}
      text="Reset editors"
    />
  }
  description="You have closed all editors. You can open them again with the button below or in the sidebar menu!"
  icon="applications"
/>
`;
